Flow report for inv
Mon Oct 14 15:48:02 2013
Quartus II Version 7.2 Build 151 09/26/2007 SJ Full Version


---------------------
; Table of Contents ;
---------------------
  1. Legal Notice
  2. Flow Summary
  3. Flow Settings
  4. Flow Non-Default Global Settings
  5. Flow Elapsed Time
  6. Flow Log



----------------
; Legal Notice ;
----------------
Copyright (C) 1991-2007 Altera Corporation
Your use of Altera Corporation's design tools, logic functions 
and other software and tools, and its AMPP partner logic 
functions, and any output files from any of the foregoing 
(including device programming or simulation files), and any 
associated documentation or information are expressly subject 
to the terms and conditions of the Altera Program License 
Subscription Agreement, Altera MegaCore Function License 
Agreement, or other applicable license agreement, including, 
without limitation, that your use is for the sole purpose of 
programming logic devices manufactured by Altera and sold by 
Altera or its authorized distributors.  Please refer to the 
applicable agreement for further details.



+---------------------------------------------------------------------+
; Flow Summary                                                        ;
+--------------------------+------------------------------------------+
; Flow Status              ; Analyzed - Mon Oct 14 15:48:02 2013      ;
; Quartus II Version       ; 7.2 Build 151 09/26/2007 SJ Full Version ;
; Revision Name            ; inv                                      ;
; Top-level Entity Name    ; inv                                      ;
; Family                   ; MAX II                                   ;
; Device                   ; EPM240T100I5                             ;
; Timing Models            ; Final                                    ;
; Met timing requirements  ; Yes                                      ;
; Total logic elements     ; 204 / 240 ( 85 % )                       ;
; Total pins               ; 69 / 80 ( 86 % )                         ;
; Total virtual pins       ; 0                                        ;
; Total memory bits        ; 0                                        ;
; DSP block 9-bit elements ; 0                                        ;
; Total PLLs               ; 0                                        ;
; Total DLLs               ; 0                                        ;
; UFM blocks               ; 0 / 1 ( 0 % )                            ;
+--------------------------+------------------------------------------+


+-----------------------------------------+
; Flow Settings                           ;
+-------------------+---------------------+
; Option            ; Setting             ;
+-------------------+---------------------+
; Start date & time ; 10/14/2013 15:47:53 ;
; Main task         ; Compilation         ;
; Revision Name     ; inv                 ;
+-------------------+---------------------+


+--------------------------------------------------------------------------------------------------------------------------------------------------------------------------------------------------------------------------------------------------------------------------------------------------------------------------------+
; Flow Non-Default Global Settings                                                                                                                                                                                                                                                                                               ;
+---------------------------------------+------------------------------------------------------------------------------------------------------------------------------------------------------------------------------------------------------------------------------+------------------------------+-------------+------------+
; Assignment Name                       ; Value                                                                                                                                                                                                                        ; Default Value                ; Entity Name ; Section Id ;
+---------------------------------------+------------------------------------------------------------------------------------------------------------------------------------------------------------------------------------------------------------------------------+------------------------------+-------------+------------+
; ENABLE_DA_RULE                        ; C101, C102, C103, C104, C105, C106, R101, R102, R103, R104, R105, T101, T102, A101, A102, A103, A104, A105, A106, A107, A108, A109, A110, S101, S102, S103, S104, D101, D102, D103, H101, H102, M101, M102, M103, M104, M105 ; --                           ; --          ; --         ;
; ENABLE_DRC_SETTINGS                   ; On                                                                                                                                                                                                                           ; Off                          ; --          ; --         ;
; ENABLE_LOGIC_ANALYZER_INTERFACE       ; Off                                                                                                                                                                                                                          ; --                           ; --          ; --         ;
; FITTER_EFFORT                         ; Standard Fit                                                                                                                                                                                                                 ; Auto Fit                     ; --          ; --         ;
; FMAX_REQUIREMENT                      ; 10 MHz                                                                                                                                                                                                                       ; --                           ; --          ; --         ;
; INCREMENTAL_COMPILATION               ; Off                                                                                                                                                                                                                          ; FULL_INCREMENTAL_COMPILATION ; --          ; --         ;
; MAX_CORE_JUNCTION_TEMP                ; 100                                                                                                                                                                                                                          ; --                           ; --          ; --         ;
; MIN_CORE_JUNCTION_TEMP                ; -40                                                                                                                                                                                                                          ; --                           ; --          ; --         ;
; POWER_EXT_SUPPLY_VOLTAGE_TO_REGULATOR ; 3.3V                                                                                                                                                                                                                         ; --                           ; --          ; --         ;
; POWER_PRESET_COOLING_SOLUTION         ; No Heat Sink With Still Air                                                                                                                                                                                                  ; --                           ; --          ; --         ;
; POWER_USE_TA_VALUE                    ; 26                                                                                                                                                                                                                           ; 25                           ; --          ; --         ;
; USE_GENERATED_PHYSICAL_CONSTRAINTS    ; Off                                                                                                                                                                                                                          ; --                           ; --          ; eda_palace ;
+---------------------------------------+------------------------------------------------------------------------------------------------------------------------------------------------------------------------------------------------------------------------------+------------------------------+-------------+------------+


+------------------------------------------------------------------+
; Flow Elapsed Time                                                ;
+-------------------------+--------------+-------------------------+
; Module Name             ; Elapsed Time ; Average Processors Used ;
+-------------------------+--------------+-------------------------+
; Analysis & Synthesis    ; 00:00:03     ; 1.0                     ;
; Fitter                  ; 00:00:03     ; 1.0                     ;
; Assembler               ; 00:00:01     ; 1.0                     ;
; Classic Timing Analyzer ; 00:00:01     ; 1.0                     ;
; Design Assistant        ; 00:00:00     ; 1.0                     ;
; Total                   ; 00:00:08     ; --                      ;
+-------------------------+--------------+-------------------------+


------------
; Flow Log ;
------------
quartus_map --read_settings_files=on --write_settings_files=off inv -c inv
quartus_fit --read_settings_files=off --write_settings_files=off inv -c inv
quartus_asm --read_settings_files=off --write_settings_files=off inv -c inv
quartus_tan --read_settings_files=off --write_settings_files=off inv -c inv
quartus_drc --read_settings_files=off --write_settings_files=off inv -c inv



